# generated on Thu Nov 21 10:50:03 2013
# Top Cell: RegFile

------------------------------------------------------------
     optDesign Final Summary                             
------------------------------------------------------------

+--------------------+---------+---------+---------+---------+---------+---------+
|     Setup mode     |   all   | reg2reg | in2reg  | reg2out | in2out  | clkgate |
+--------------------+---------+---------+---------+---------+---------+---------+
|           WNS (ns):| 21.643  | 24.078  | 22.336  | 22.203  | 21.643  |   N/A   |
|           TNS (ns):|  0.000  |  0.000  |  0.000  |  0.000  |  0.000  |   N/A   |
|    Violating Paths:|    0    |    0    |    0    |    0    |    0    |   N/A   |
|          All Paths:|  1025   |   512   |  1024   |    1    |    1    |   N/A   |
+--------------------+---------+---------+---------+---------+---------+---------+

+----------------+-------------------------------+------------------+
|                |              Real             |       Total      |
|    DRVs        +------------------+------------+------------------|
|                |  Nr nets(terms)  | Worst Vio  |  Nr nets(terms)  |
+----------------+------------------+------------+------------------+
|   max_cap      |      0 (0)       |   0.000    |      0 (0)       |
|   max_tran     |     32 (452)     |   -0.500   |     34 (454)     |
|   max_fanout   |      0 (0)       |     0      |      0 (0)       |
+----------------+------------------+------------+------------------+

Density: 88.040%
Routing Overflow: 0.12% H and 9.45% V
------------------------------------------------------------
