# generated on Thu Nov 21 10:49:34 2013
# Top Cell: RegFile

------------------------------------------------------------
     optDesign Final Summary                             
------------------------------------------------------------

+--------------------+---------+---------+---------+---------+---------+---------+
|     Setup mode     |   all   | reg2reg | in2reg  | reg2out | in2out  | clkgate |
+--------------------+---------+---------+---------+---------+---------+---------+
|           WNS (ns):| 21.512  | 24.081  | 21.590  | 22.947  | 21.512  |   N/A   |
|           TNS (ns):|  0.000  |  0.000  |  0.000  |  0.000  |  0.000  |   N/A   |
|    Violating Paths:|    0    |    0    |    0    |    0    |    0    |   N/A   |
|          All Paths:|  1025   |   512   |  1024   |    1    |    1    |   N/A   |
+--------------------+---------+---------+---------+---------+---------+---------+

+----------------+-------------------------------+------------------+
|                |              Real             |       Total      |
|    DRVs        +------------------+------------+------------------|
|                |  Nr nets(terms)  | Worst Vio  |  Nr nets(terms)  |
+----------------+------------------+------------+------------------+
|   max_cap      |      0 (0)       |   0.000    |      0 (0)       |
|   max_tran     |     32 (452)     |   -0.500   |     33 (453)     |
|   max_fanout   |      0 (0)       |     0      |      0 (0)       |
+----------------+------------------+------------+------------------+

Density: 87.650%
Routing Overflow: 0.04% H and 8.13% V
------------------------------------------------------------
